###############################################################################
#
# IAR ELF Linker V8.40.1.212/W32 for ARM                  26/Nov/2024  00:38:47
# Copyright 2007-2019 IAR Systems AB.
#
#    Output file  =
#        D:\My_Embedded\Micontroller\Stm32f10x\work_space\Debug\Exe\a_HTTTDL.out
#    Map file     =
#        D:\My_Embedded\Micontroller\Stm32f10x\work_space\Debug\List\a_HTTTDL.map
#    Command line =
#        -f C:\Users\ADMIN\AppData\Local\Temp\EWEA2E.tmp
#        (D:\My_Embedded\Micontroller\Stm32f10x\work_space\Debug\Obj\a_HTTTDL.o
#        D:\My_Embedded\Micontroller\Stm32f10x\work_space\Debug\Obj\adc.o
#        D:\My_Embedded\Micontroller\Stm32f10x\work_space\Debug\Obj\gpio.o
#        D:\My_Embedded\Micontroller\Stm32f10x\work_space\Debug\Obj\I2C.o
#        D:\My_Embedded\Micontroller\Stm32f10x\work_space\Debug\Obj\lcd_i2c.o
#        D:\My_Embedded\Micontroller\Stm32f10x\work_space\Debug\Obj\startup_stm32f103cx.o
#        D:\My_Embedded\Micontroller\Stm32f10x\work_space\Debug\Obj\systick.o
#        D:\My_Embedded\Micontroller\Stm32f10x\work_space\Debug\Obj\Timer1.o
#        D:\My_Embedded\Micontroller\Stm32f10x\work_space\Debug\Obj\UART.o
#        --no_out_extension -o
#        D:\My_Embedded\Micontroller\Stm32f10x\work_space\Debug\Exe\a_HTTTDL.out
#        --map
#        D:\My_Embedded\Micontroller\Stm32f10x\work_space\Debug\List\a_HTTTDL.map
#        --config D:\D\App\IAR\arm\config\linker\ST\stm32f103x8.icf
#        --semihosting --entry __iar_program_start --vfe --text_out locale)
#
###############################################################################

*******************************************************************************
*** RUNTIME MODEL ATTRIBUTES
***

CppFlavor       = *
__SystemLibrary = DLib
__dlib_version  = 6


*******************************************************************************
*** HEAP SELECTION
***

The basic heap was selected because no calls to memory allocation
functions were found in the application outside of system library
functions, and there are calls to deallocation functions in the
application.


*******************************************************************************
*** PLACEMENT SUMMARY
***

"A0":  place at address 0x800'0000 { ro section .intvec };
"P1":  place in [from 0x800'0000 to 0x800'ffff] { ro };
define block CSTACK with size = 2K, alignment = 8 { };
define block HEAP with size = 2K, alignment = 8 { };
"P2":  place in [from 0x2000'0000 to 0x2000'4fff] {
          rw, block CSTACK, block HEAP };
initialize by copy { rw };

  Section            Kind         Address    Size  Object
  -------            ----         -------    ----  ------
"A0":                                        0xec
  .intvec            ro code   0x800'0000    0xec  startup_stm32f103cx.o [1]
                             - 0x800'00ec    0xec

"P1":                                      0x1884
  .text              ro code   0x800'00ec   0x61c  a_HTTTDL.o [1]
  .text              ro code   0x800'0708    0x22  FltToU32.o [3]
  .text              ro code   0x800'072a    0x3a  zero_init3.o [4]
  .text              ro code   0x800'0764    0x1c  U32ToFlt.o [3]
  .text              ro code   0x800'0780    0x80  FltSub.o [3]
  .text              ro code   0x800'0800    0xd8  FltMul.o [3]
  .text              ro code   0x800'08d8    0xe2  FltAdd.o [3]
  .text              ro code   0x800'09ba    0x2e  copy_init3.o [4]
  .text              ro code   0x800'09e8    0xaa  UART.o [1]
  .text              ro code   0x800'0a94    0x4c  systick.o [1]
  .text              ro code   0x800'0ae0    0x34  Timer1.o [1]
  .text              ro code   0x800'0b14    0x66  gpio.o [1]
  .text              ro code   0x800'0b7a   0x34a  lcd_i2c.o [1]
  .text              ro code   0x800'0ec4    0x42  adc.o [1]
  .text              ro code   0x800'0f08    0x1a  U32ToDbl.o [3]
  .text              ro code   0x800'0f24   0x1a2  DblMul.o [3]
  .text              ro code   0x800'10c8   0x246  DblDiv.o [3]
  .text              ro code   0x800'1310    0x68  DblToFlt.o [3]
  .text              ro code   0x800'1378    0xfc  FltDiv.o [3]
  .text              ro code   0x800'1474   0x33a  I2C.o [1]
  .text              ro code   0x800'17b0    0x28  data_init.o [4]
  .iar.init_table    const     0x800'17d8    0x24  - Linker created -
  .text              ro code   0x800'17fc    0x1e  cmain.o [4]
  .text              ro code   0x800'181a     0x4  low_level_init.o [2]
  .text              ro code   0x800'181e     0x4  exit.o [2]
  .text              ro code   0x800'1824     0xa  cexit.o [4]
  .text              ro code   0x800'1830    0x14  exit.o [5]
  Initializer bytes  const     0x800'1844    0x14  <for P2-1>
  .rodata            const     0x800'1858    0x10  a_HTTTDL.o [1]
  .rodata            const     0x800'1868     0xc  a_HTTTDL.o [1]
  .rodata            const     0x800'1874     0xc  a_HTTTDL.o [1]
  .rodata            const     0x800'1880     0xc  a_HTTTDL.o [1]
  .rodata            const     0x800'188c     0xc  a_HTTTDL.o [1]
  .text              ro code   0x800'1898     0xc  cstartup_M.o [4]
  .text              ro code   0x800'18a4     0x8  startup_stm32f103cx.o [1]
  .text              ro code   0x800'18ac     0x4  startup_stm32f103cx.o [1]
  .text              ro code   0x800'18b0     0x4  startup_stm32f103cx.o [1]
  .text              ro code   0x800'18b4     0x4  startup_stm32f103cx.o [1]
  .text              ro code   0x800'18b8     0x4  startup_stm32f103cx.o [1]
  .text              ro code   0x800'18bc     0x4  startup_stm32f103cx.o [1]
  .text              ro code   0x800'18c0     0x4  startup_stm32f103cx.o [1]
  .text              ro code   0x800'18c4     0x4  startup_stm32f103cx.o [1]
  .text              ro code   0x800'18c8     0x4  startup_stm32f103cx.o [1]
  .text              ro code   0x800'18cc     0x4  startup_stm32f103cx.o [1]
  .text              ro code   0x800'18d0     0x4  startup_stm32f103cx.o [1]
  .text              ro code   0x800'18d4     0x4  startup_stm32f103cx.o [1]
  .text              ro code   0x800'18d8     0x4  startup_stm32f103cx.o [1]
  .text              ro code   0x800'18dc     0x4  startup_stm32f103cx.o [1]
  .text              ro code   0x800'18e0     0x4  startup_stm32f103cx.o [1]
  .text              ro code   0x800'18e4     0x4  startup_stm32f103cx.o [1]
  .text              ro code   0x800'18e8     0x4  startup_stm32f103cx.o [1]
  .text              ro code   0x800'18ec     0x4  startup_stm32f103cx.o [1]
  .text              ro code   0x800'18f0     0x4  startup_stm32f103cx.o [1]
  .text              ro code   0x800'18f4     0x4  startup_stm32f103cx.o [1]
  .text              ro code   0x800'18f8     0x4  startup_stm32f103cx.o [1]
  .text              ro code   0x800'18fc     0x4  startup_stm32f103cx.o [1]
  .text              ro code   0x800'1900     0x4  startup_stm32f103cx.o [1]
  .text              ro code   0x800'1904     0x4  startup_stm32f103cx.o [1]
  .text              ro code   0x800'1908     0x4  startup_stm32f103cx.o [1]
  .text              ro code   0x800'190c     0x4  startup_stm32f103cx.o [1]
  .text              ro code   0x800'1910     0x4  startup_stm32f103cx.o [1]
  .text              ro code   0x800'1914     0x4  startup_stm32f103cx.o [1]
  .text              ro code   0x800'1918     0x4  startup_stm32f103cx.o [1]
  .text              ro code   0x800'191c     0x4  startup_stm32f103cx.o [1]
  .text              ro code   0x800'1920     0x4  startup_stm32f103cx.o [1]
  .text              ro code   0x800'1924     0x4  startup_stm32f103cx.o [1]
  .text              ro code   0x800'1928     0x4  startup_stm32f103cx.o [1]
  .text              ro code   0x800'192c     0x4  startup_stm32f103cx.o [1]
  .text              ro code   0x800'1930     0x4  startup_stm32f103cx.o [1]
  .text              ro code   0x800'1934     0x4  startup_stm32f103cx.o [1]
  .text              ro code   0x800'1938     0x4  startup_stm32f103cx.o [1]
  .text              ro code   0x800'193c     0x4  startup_stm32f103cx.o [1]
  .text              ro code   0x800'1940     0x4  startup_stm32f103cx.o [1]
  .text              ro code   0x800'1944     0x4  startup_stm32f103cx.o [1]
  .text              ro code   0x800'1948     0x4  startup_stm32f103cx.o [1]
  .text              ro code   0x800'194c     0x4  startup_stm32f103cx.o [1]
  .text              ro code   0x800'1950     0x4  startup_stm32f103cx.o [1]
  .text              ro code   0x800'1954     0x4  startup_stm32f103cx.o [1]
  .text              ro code   0x800'1958     0x4  startup_stm32f103cx.o [1]
  .text              ro code   0x800'195c     0x4  startup_stm32f103cx.o [1]
  .text              ro code   0x800'1960     0x4  startup_stm32f103cx.o [1]
  .text              ro code   0x800'1964     0x4  startup_stm32f103cx.o [1]
  .text              ro code   0x800'1968     0x4  startup_stm32f103cx.o [1]
  .text              ro code   0x800'196c     0x4  startup_stm32f103cx.o [1]
  .rodata            const     0x800'1970     0x0  zero_init3.o [4]
  .rodata            const     0x800'1970     0x0  copy_init3.o [4]
                             - 0x800'1970  0x1884

"P2", part 1 of 3:                           0x14
  P2-1                        0x2000'0000    0x12  <Init block>
    .data            inited   0x2000'0000    0x10  a_HTTTDL.o [1]
    .data            inited   0x2000'0010     0x2  a_HTTTDL.o [1]
                            - 0x2000'0012    0x12

"P2", part 2 of 3:                           0x68
  .bss               zero     0x2000'0014    0x28  a_HTTTDL.o [1]
  .bss               zero     0x2000'003c     0x8  a_HTTTDL.o [1]
  .bss               zero     0x2000'0044     0x8  a_HTTTDL.o [1]
  .bss               zero     0x2000'004c     0x8  a_HTTTDL.o [1]
  .bss               zero     0x2000'0054     0x4  a_HTTTDL.o [1]
  .bss               zero     0x2000'0058     0x4  a_HTTTDL.o [1]
  .bss               zero     0x2000'005c     0x4  a_HTTTDL.o [1]
  .bss               zero     0x2000'0060     0x4  a_HTTTDL.o [1]
  .bss               zero     0x2000'0064     0x4  a_HTTTDL.o [1]
  .bss               zero     0x2000'0068     0x4  systick.o [1]
  .bss               zero     0x2000'006c     0x4  systick.o [1]
  .bss               zero     0x2000'0070     0x2  a_HTTTDL.o [1]
  .bss               zero     0x2000'0072     0x2  a_HTTTDL.o [1]
  .bss               zero     0x2000'0074     0x1  a_HTTTDL.o [1]
  .bss               zero     0x2000'0075     0x1  a_HTTTDL.o [1]
  .bss               zero     0x2000'0076     0x1  a_HTTTDL.o [1]
  .bss               zero     0x2000'0077     0x1  a_HTTTDL.o [1]
  .bss               zero     0x2000'0078     0x1  a_HTTTDL.o [1]
                            - 0x2000'0079    0x65

"P2", part 3 of 3:                          0x800
  CSTACK                      0x2000'0080   0x800  <Block>
    CSTACK           uninit   0x2000'0080   0x800  <Block tail>
                            - 0x2000'0880   0x800

Absolute sections, part 1 of 11:             0x1c
  .noinit            uninit   0x4000'4400    0x1c  UART.o [1]
                            - 0x4000'441c    0x1c

Absolute sections, part 2 of 11:             0x1c
  .noinit            uninit   0x4001'0800    0x1c  UART.o [1]
                            - 0x4001'081c    0x1c

Absolute sections, part 3 of 11:             0x1c
  .noinit            uninit   0x4001'0c00    0x1c  UART.o [1]
                            - 0x4001'0c1c    0x1c

Absolute sections, part 4 of 11:             0x1c
  .noinit            uninit   0x4001'1000    0x1c  UART.o [1]
                            - 0x4001'101c    0x1c

Absolute sections, part 5 of 11:             0x50
  .noinit            uninit   0x4001'2400    0x50  UART.o [1]
                            - 0x4001'2450    0x50

Absolute sections, part 6 of 11:             0x54
  .noinit            uninit   0x4001'2c00    0x54  UART.o [1]
                            - 0x4001'2c54    0x54

Absolute sections, part 7 of 11:             0x1c
  .noinit            uninit   0x4001'3800    0x1c  UART.o [1]
                            - 0x4001'381c    0x1c

Absolute sections, part 8 of 11:             0x78
  .noinit            uninit   0x4002'0000    0x78  UART.o [1]
                            - 0x4002'0078    0x78

Absolute sections, part 9 of 11:             0x30
  .noinit            uninit   0x4002'1000    0x30  UART.o [1]
                            - 0x4002'1030    0x30

Absolute sections, part 10 of 11:            0x10
  .noinit            uninit   0xe000'e010    0x10  UART.o [1]
                            - 0xe000'e020    0x10

Absolute sections, part 11 of 11:             0xc
  .noinit            uninit   0xe000'e100     0xc  UART.o [1]
                            - 0xe000'e10c     0xc

Unused ranges:

         From           To    Size
         ----           --    ----
   0x800'1970   0x800'ffff  0xe690
  0x2000'007c  0x2000'007f     0x4
  0x2000'0880  0x2000'4fff  0x4780


*******************************************************************************
*** INIT TABLE
***

          Address      Size
          -------      ----
Zero (__iar_zero_init3)
    1 destination range, total size 0x65:
          0x2000'0014  0x65

Copy (__iar_copy_init3)
    1 source range, total size 0x14 (111% of destination):
           0x800'1844  0x14
    1 destination range, total size 0x12:
          0x2000'0000  0x12



*******************************************************************************
*** MODULE SUMMARY
***

    Module                 ro code  ro data  rw data  rw data
                                                       (abs)
    ------                 -------  -------  -------  -------
command line/config:
    ---------------------------------------------------------
    Total:

D:\My_Embedded\Micontroller\Stm32f10x\work_space\Debug\Obj: [1]
    I2C.o                      826
    Timer1.o                    52
    UART.o                     170                        500
    a_HTTTDL.o               1'564       82      111
    adc.o                       66
    gpio.o                     102
    lcd_i2c.o                  842
    startup_stm32f103cx.o      440
    systick.o                   76                 8
    ---------------------------------------------------------
    Total:                   4'138       82      119      500

dl7M_tln.a: [2]
    exit.o                       4
    low_level_init.o             4
    ---------------------------------------------------------
    Total:                       8

m7M_tl.a: [3]
    DblDiv.o                   582
    DblMul.o                   418
    DblToFlt.o                 104
    FltAdd.o                   226
    FltDiv.o                   252
    FltMul.o                   216
    FltSub.o                   128
    FltToU32.o                  34
    U32ToDbl.o                  26
    U32ToFlt.o                  28
    ---------------------------------------------------------
    Total:                   2'014

rt7M_tl.a: [4]
    cexit.o                     10
    cmain.o                     30
    copy_init3.o                46
    cstartup_M.o                12
    data_init.o                 40
    zero_init3.o                58
    ---------------------------------------------------------
    Total:                     196

shb_l.a: [5]
    exit.o                      20
    ---------------------------------------------------------
    Total:                      20

    Gaps                        16
    Linker created                       38    2'048
-------------------------------------------------------------
    Grand Total:             6'392      120    2'167      500


*******************************************************************************
*** ENTRY LIST
***

Entry                       Address   Size  Type      Object
-----                       -------   ----  ----      ------
.iar.init_table$$Base    0x800'17d8          --   Gb  - Linker created -
.iar.init_table$$Limit   0x800'17fc          --   Gb  - Linker created -
?main                    0x800'17fd         Code  Gb  cmain.o [4]
ADC1                    0x4001'2400   0x50  Data  Gb  UART.o [1]
ADC_Read                 0x800'0f03    0x4  Code  Gb  adc.o [1]
ADC_Start                0x800'0ec5   0x2e  Code  Gb  adc.o [1]
ADC_Stop                 0x800'0ef9    0xa  Code  Gb  adc.o [1]
Buffer                  0x2000'003c    0x8  Data  Gb  a_HTTTDL.o [1]
Buffer_LCD              0x2000'0044    0x8  Data  Gb  a_HTTTDL.o [1]
Buffer_Receive          0x2000'0070    0x2  Data  Gb  a_HTTTDL.o [1]
Buffer_Receive_s        0x2000'0072    0x2  Data  Gb  a_HTTTDL.o [1]
Buffer_Tran             0x2000'004c    0x8  Data  Gb  a_HTTTDL.o [1]
CSTACK$$Base            0x2000'0080          --   Gb  - Linker created -
CSTACK$$Limit           0x2000'0880          --   Gb  - Linker created -
DMA1                    0x4002'0000   0x78  Data  Gb  UART.o [1]
GPIOA                   0x4001'0800   0x1c  Data  Gb  UART.o [1]
GPIOB                   0x4001'0c00   0x1c  Data  Gb  UART.o [1]
GPIOC                   0x4001'1000   0x1c  Data  Gb  UART.o [1]
GPIO_Mode                0x800'0b15   0x66  Code  Gb  gpio.o [1]
I2C_Start                0x800'1475   0x30  Code  Gb  I2C.o [1]
I2C_Stop                 0x800'14a5   0x46  Code  Gb  I2C.o [1]
I2C_Write                0x800'1789   0x26  Code  Gb  I2C.o [1]
I2C_Write_Byte           0x800'14eb  0x298  Code  Gb  I2C.o [1]
LCD_Clear                0x800'0ebb    0xa  Code  Gb  lcd_i2c.o [1]
LCD_Index                0x800'0e8f   0x2c  Code  Gb  lcd_i2c.o [1]
LCD_Init                 0x800'0b7b  0x214  Code  Gb  lcd_i2c.o [1]
LCD_Write                0x800'0d8f   0x6e  Code  Gb  lcd_i2c.o [1]
LCD_Write_Command        0x800'0e21   0x6e  Code  Gb  lcd_i2c.o [1]
LCD_Writes               0x800'0dfd   0x24  Code  Gb  lcd_i2c.o [1]
MsTick                  0x2000'0078    0x1  Data  Gb  a_HTTTDL.o [1]
NVIC                    0xe000'e100    0xc  Data  Gb  UART.o [1]
RCC                     0x4002'1000   0x30  Data  Gb  UART.o [1]
RS485_Writes             0x800'023b   0x2c  Code  Gb  a_HTTTDL.o [1]
Region$$Table$$Base      0x800'17d8          --   Gb  - Linker created -
Region$$Table$$Limit     0x800'17fc          --   Gb  - Linker created -
STK                     0xe000'e010   0x10  Data  Gb  UART.o [1]
Size                    0x2000'0075    0x1  Data  Gb  a_HTTTDL.o [1]
Size_Receive            0x2000'0076    0x1  Data  Gb  a_HTTTDL.o [1]
SysTick_Handler          0x800'0aab    0xa  Code  Gb  systick.o [1]
SysTick_Init             0x800'0a95   0x16  Code  Gb  systick.o [1]
TIM1_UP_IRQHandler       0x800'021f   0x1c  Code  Gb  a_HTTTDL.o [1]
Time_HT                 0x2000'0060    0x4  Data  Gb  a_HTTTDL.o [1]
Timer1                  0x4001'2c00   0x54  Data  Gb  UART.o [1]
Timer1_Init              0x800'0ae1   0x34  Code  Gb  Timer1.o [1]
UART1                   0x4001'3800   0x1c  Data  Gb  UART.o [1]
UART1_IRQHandler         0x800'0267   0x36  Code  Gb  a_HTTTDL.o [1]
UART1_Init               0x800'09e9   0x4e  Code  Gb  UART.o [1]
UART2                   0x4000'4400   0x1c  Data  Gb  UART.o [1]
UART_Write               0x800'0a49   0x26  Code  Gb  UART.o [1]
UART_Writes              0x800'0a6f   0x24  Code  Gb  UART.o [1]
Vi_tri                  0x2000'0064    0x4  Data  Gb  a_HTTTDL.o [1]
__aeabi_d2f              0x800'1311         Code  Gb  DblToFlt.o [3]
__aeabi_ddiv             0x800'10c9         Code  Gb  DblDiv.o [3]
__aeabi_dmul             0x800'0f25         Code  Gb  DblMul.o [3]
__aeabi_f2uiz            0x800'0709         Code  Gb  FltToU32.o [3]
__aeabi_fadd             0x800'08d9         Code  Gb  FltAdd.o [3]
__aeabi_fdiv             0x800'1379         Code  Gb  FltDiv.o [3]
__aeabi_fmul             0x800'0801         Code  Gb  FltMul.o [3]
__aeabi_fsub             0x800'0781         Code  Gb  FltSub.o [3]
__aeabi_ui2d             0x800'0f09         Code  Gb  U32ToDbl.o [3]
__aeabi_ui2f             0x800'0765         Code  Gb  U32ToFlt.o [3]
__cmain                  0x800'17fd         Code  Gb  cmain.o [4]
__exit                   0x800'1831   0x14  Code  Gb  exit.o [5]
__iar_copy_init3         0x800'09bb   0x2e  Code  Gb  copy_init3.o [4]
__iar_data_init3         0x800'17b1   0x28  Code  Gb  data_init.o [4]
__iar_fadd               0x800'078d         Code  Gb  FltSub.o [3]
__iar_fsub               0x800'08e5         Code  Gb  FltAdd.o [3]
__iar_fsubStart          0x800'08f5         Code  Gb  FltAdd.o [3]
__iar_program_start      0x800'1899         Code  Gb  cstartup_M.o [4]
__iar_zero_init3         0x800'072b   0x3a  Code  Gb  zero_init3.o [4]
__low_level_init         0x800'181b    0x4  Code  Gb  low_level_init.o [2]
__vector_table           0x800'0000         Data  Gb  startup_stm32f103cx.o [1]
_call_main               0x800'1809         Code  Gb  cmain.o [4]
_exit                    0x800'1825         Code  Gb  cexit.o [4]
_main                    0x800'1817         Code  Gb  cmain.o [4]
adc_value               0x2000'005c    0x4  Data  Gb  a_HTTTDL.o [1]
bang_ma                 0x2000'0000   0x10  Data  Gb  a_HTTTDL.o [1]
delay                    0x800'0abb   0x1a  Code  Gb  systick.o [1]
exit                     0x800'181f    0x4  Code  Gb  exit.o [2]
floatToAscii             0x800'00ed  0x132  Code  Gb  a_HTTTDL.o [1]
get_time                 0x800'0ab5    0x6  Code  Gb  systick.o [1]
k                       0x2000'0074    0x1  Data  Gb  a_HTTTDL.o [1]
ky_vong                 0x2000'0054    0x4  Data  Gb  a_HTTTDL.o [1]
ky_vong_gui             0x2000'0058    0x4  Data  Gb  a_HTTTDL.o [1]
ma_phim                 0x2000'0010    0x2  Data  Gb  a_HTTTDL.o [1]
main                     0x800'029d  0x3dc  Code  Gb  a_HTTTDL.o [1]
nhiet_do                0x2000'0014   0x28  Data  Gb  a_HTTTDL.o [1]
start_time              0x2000'006c    0x4  Data  Lc  systick.o [1]
status                  0x2000'0077    0x1  Data  Gb  a_HTTTDL.o [1]
sys_current_time        0x2000'0068    0x4  Data  Gb  systick.o [1]


[1] = D:\My_Embedded\Micontroller\Stm32f10x\work_space\Debug\Obj
[2] = dl7M_tln.a
[3] = m7M_tl.a
[4] = rt7M_tl.a
[5] = shb_l.a

  6'392 bytes of readonly  code memory
    120 bytes of readonly  data memory
  2'167 bytes of readwrite data memory (+ 500 absolute)

Errors: none
Warnings: none
