###############################################################################
#
# IAR ELF Linker V8.40.1.212/W32 for ARM                  17/Nov/2024  10:00:44
# Copyright 2007-2019 IAR Systems AB.
#
#    Output file  =
#        D:\My_Embedded\Micontroller\Stm32f10x\work_space\Debug\Exe\ADC.out
#    Map file     =
#        D:\My_Embedded\Micontroller\Stm32f10x\work_space\Debug\List\ADC.map
#    Command line =
#        -f C:\Users\ADMIN\AppData\Local\Temp\EW6419.tmp
#        (D:\My_Embedded\Micontroller\Stm32f10x\work_space\Debug\Obj\adc.o
#        D:\My_Embedded\Micontroller\Stm32f10x\work_space\Debug\Obj\gpio.o
#        D:\My_Embedded\Micontroller\Stm32f10x\work_space\Debug\Obj\main_adc.o
#        D:\My_Embedded\Micontroller\Stm32f10x\work_space\Debug\Obj\startup_stm32f103cx.o
#        D:\My_Embedded\Micontroller\Stm32f10x\work_space\Debug\Obj\systick.o
#        --no_out_extension -o
#        D:\My_Embedded\Micontroller\Stm32f10x\work_space\Debug\Exe\ADC.out
#        --map
#        D:\My_Embedded\Micontroller\Stm32f10x\work_space\Debug\List\ADC.map
#        --config D:\D\App\IAR\arm\config\linker\ST\stm32f103x8.icf
#        --semihosting --entry __iar_program_start --vfe --text_out locale)
#
###############################################################################

*******************************************************************************
*** RUNTIME MODEL ATTRIBUTES
***

CppFlavor       = *
__SystemLibrary = DLib
__dlib_version  = 6


*******************************************************************************
*** HEAP SELECTION
***

The basic heap was selected because no calls to memory allocation
functions were found in the application outside of system library
functions, and there are calls to deallocation functions in the
application.


*******************************************************************************
*** PLACEMENT SUMMARY
***

"A0":  place at address 0x800'0000 { ro section .intvec };
"P1":  place in [from 0x800'0000 to 0x800'ffff] { ro };
define block CSTACK with size = 2K, alignment = 8 { };
define block HEAP with size = 2K, alignment = 8 { };
"P2":  place in [from 0x2000'0000 to 0x2000'4fff] {
          rw, block CSTACK, block HEAP };

  Section          Kind         Address   Size  Object
  -------          ----         -------   ----  ------
"A0":                                     0xec
  .intvec          ro code   0x800'0000   0xec  startup_stm32f103cx.o [1]
                           - 0x800'00ec   0xec

"P1":                                    0x9f4
  .text            ro code   0x800'00ec  0x246  DblDiv.o [3]
  .text            ro code   0x800'0332   0x3a  zero_init3.o [4]
  .text            ro code   0x800'036c  0x1a2  DblMul.o [3]
  .text            ro code   0x800'0510   0xfc  FltDiv.o [3]
  .text            ro code   0x800'060c   0xe2  FltAdd.o [3]
  .text            ro code   0x800'06f0   0x74  FltSub.o [3]
  .text            ro code   0x800'0764   0xdc  main_adc.o [1]
  .text            ro code   0x800'0840   0x66  gpio.o [1]
  .text            ro code   0x800'08a8   0x42  adc.o [1]
  .text            ro code   0x800'08ec   0x1a  U32ToDbl.o [3]
  .text            ro code   0x800'0908   0x68  DblToFlt.o [3]
  .text            ro code   0x800'0970   0x28  data_init.o [4]
  .iar.init_table  const     0x800'0998   0x10  - Linker created -
  .text            ro code   0x800'09a8   0x1e  cmain.o [4]
  .text            ro code   0x800'09c6    0x4  low_level_init.o [2]
  .text            ro code   0x800'09ca    0x4  exit.o [2]
  .text            ro code   0x800'09d0    0xa  cexit.o [4]
  .text            ro code   0x800'09dc   0x14  exit.o [5]
  .text            ro code   0x800'09f0   0x10  systick.o [1]
  .text            ro code   0x800'0a00    0xc  cstartup_M.o [4]
  .text            ro code   0x800'0a0c    0x8  startup_stm32f103cx.o [1]
  .text            ro code   0x800'0a14    0x4  startup_stm32f103cx.o [1]
  .text            ro code   0x800'0a18    0x4  startup_stm32f103cx.o [1]
  .text            ro code   0x800'0a1c    0x4  startup_stm32f103cx.o [1]
  .text            ro code   0x800'0a20    0x4  startup_stm32f103cx.o [1]
  .text            ro code   0x800'0a24    0x4  startup_stm32f103cx.o [1]
  .text            ro code   0x800'0a28    0x4  startup_stm32f103cx.o [1]
  .text            ro code   0x800'0a2c    0x4  startup_stm32f103cx.o [1]
  .text            ro code   0x800'0a30    0x4  startup_stm32f103cx.o [1]
  .text            ro code   0x800'0a34    0x4  startup_stm32f103cx.o [1]
  .text            ro code   0x800'0a38    0x4  startup_stm32f103cx.o [1]
  .text            ro code   0x800'0a3c    0x4  startup_stm32f103cx.o [1]
  .text            ro code   0x800'0a40    0x4  startup_stm32f103cx.o [1]
  .text            ro code   0x800'0a44    0x4  startup_stm32f103cx.o [1]
  .text            ro code   0x800'0a48    0x4  startup_stm32f103cx.o [1]
  .text            ro code   0x800'0a4c    0x4  startup_stm32f103cx.o [1]
  .text            ro code   0x800'0a50    0x4  startup_stm32f103cx.o [1]
  .text            ro code   0x800'0a54    0x4  startup_stm32f103cx.o [1]
  .text            ro code   0x800'0a58    0x4  startup_stm32f103cx.o [1]
  .text            ro code   0x800'0a5c    0x4  startup_stm32f103cx.o [1]
  .text            ro code   0x800'0a60    0x4  startup_stm32f103cx.o [1]
  .text            ro code   0x800'0a64    0x4  startup_stm32f103cx.o [1]
  .text            ro code   0x800'0a68    0x4  startup_stm32f103cx.o [1]
  .text            ro code   0x800'0a6c    0x4  startup_stm32f103cx.o [1]
  .text            ro code   0x800'0a70    0x4  startup_stm32f103cx.o [1]
  .text            ro code   0x800'0a74    0x4  startup_stm32f103cx.o [1]
  .text            ro code   0x800'0a78    0x4  startup_stm32f103cx.o [1]
  .text            ro code   0x800'0a7c    0x4  startup_stm32f103cx.o [1]
  .text            ro code   0x800'0a80    0x4  startup_stm32f103cx.o [1]
  .text            ro code   0x800'0a84    0x4  startup_stm32f103cx.o [1]
  .text            ro code   0x800'0a88    0x4  startup_stm32f103cx.o [1]
  .text            ro code   0x800'0a8c    0x4  startup_stm32f103cx.o [1]
  .text            ro code   0x800'0a90    0x4  startup_stm32f103cx.o [1]
  .text            ro code   0x800'0a94    0x4  startup_stm32f103cx.o [1]
  .text            ro code   0x800'0a98    0x4  startup_stm32f103cx.o [1]
  .text            ro code   0x800'0a9c    0x4  startup_stm32f103cx.o [1]
  .text            ro code   0x800'0aa0    0x4  startup_stm32f103cx.o [1]
  .text            ro code   0x800'0aa4    0x4  startup_stm32f103cx.o [1]
  .text            ro code   0x800'0aa8    0x4  startup_stm32f103cx.o [1]
  .text            ro code   0x800'0aac    0x4  startup_stm32f103cx.o [1]
  .text            ro code   0x800'0ab0    0x4  startup_stm32f103cx.o [1]
  .text            ro code   0x800'0ab4    0x4  startup_stm32f103cx.o [1]
  .text            ro code   0x800'0ab8    0x4  startup_stm32f103cx.o [1]
  .text            ro code   0x800'0abc    0x4  startup_stm32f103cx.o [1]
  .text            ro code   0x800'0ac0    0x4  startup_stm32f103cx.o [1]
  .text            ro code   0x800'0ac4    0x4  startup_stm32f103cx.o [1]
  .text            ro code   0x800'0ac8    0x4  startup_stm32f103cx.o [1]
  .text            ro code   0x800'0acc    0x4  startup_stm32f103cx.o [1]
  .text            ro code   0x800'0ad0    0x4  startup_stm32f103cx.o [1]
  .text            ro code   0x800'0ad4    0x4  startup_stm32f103cx.o [1]
  .text            ro code   0x800'0ad8    0x4  startup_stm32f103cx.o [1]
  .text            ro code   0x800'0adc    0x4  startup_stm32f103cx.o [1]
  .rodata          const     0x800'0ae0    0x0  zero_init3.o [4]
                           - 0x800'0ae0  0x9f4

"P2", part 1 of 2:                        0x38
  .bss             zero     0x2000'0000   0x28  main_adc.o [1]
  .bss             zero     0x2000'0028    0x4  main_adc.o [1]
  .bss             zero     0x2000'002c    0x4  main_adc.o [1]
  .bss             zero     0x2000'0030    0x4  systick.o [1]
  .bss             zero     0x2000'0034    0x1  main_adc.o [1]
                          - 0x2000'0035   0x35

"P2", part 2 of 2:                       0x800
  CSTACK                    0x2000'0038  0x800  <Block>
    CSTACK         uninit   0x2000'0038  0x800  <Block tail>
                          - 0x2000'0838  0x800

Absolute sections, part 1 of 11:          0x1c
  .noinit          uninit   0x4000'4400   0x1c  main_adc.o [1]
                          - 0x4000'441c   0x1c

Absolute sections, part 2 of 11:          0x1c
  .noinit          uninit   0x4001'0800   0x1c  main_adc.o [1]
                          - 0x4001'081c   0x1c

Absolute sections, part 3 of 11:          0x1c
  .noinit          uninit   0x4001'0c00   0x1c  main_adc.o [1]
                          - 0x4001'0c1c   0x1c

Absolute sections, part 4 of 11:          0x1c
  .noinit          uninit   0x4001'1000   0x1c  main_adc.o [1]
                          - 0x4001'101c   0x1c

Absolute sections, part 5 of 11:          0x50
  .noinit          uninit   0x4001'2400   0x50  main_adc.o [1]
                          - 0x4001'2450   0x50

Absolute sections, part 6 of 11:          0x54
  .noinit          uninit   0x4001'2c00   0x54  main_adc.o [1]
                          - 0x4001'2c54   0x54

Absolute sections, part 7 of 11:          0x1c
  .noinit          uninit   0x4001'3800   0x1c  main_adc.o [1]
                          - 0x4001'381c   0x1c

Absolute sections, part 8 of 11:          0x78
  .noinit          uninit   0x4002'0000   0x78  main_adc.o [1]
                          - 0x4002'0078   0x78

Absolute sections, part 9 of 11:          0x30
  .noinit          uninit   0x4002'1000   0x30  systick.o [1]
                          - 0x4002'1030   0x30

Absolute sections, part 10 of 11:         0x10
  .noinit          uninit   0xe000'e010   0x10  systick.o [1]
                          - 0xe000'e020   0x10

Absolute sections, part 11 of 11:          0xc
  .noinit          uninit   0xe000'e100    0xc  main_adc.o [1]
                          - 0xe000'e10c    0xc

Unused ranges:

         From           To    Size
         ----           --    ----
   0x800'0ae0   0x800'ffff  0xf520
  0x2000'0838  0x2000'4fff  0x47c8


*******************************************************************************
*** INIT TABLE
***

          Address      Size
          -------      ----
Zero (__iar_zero_init3)
    1 destination range, total size 0x35:
          0x2000'0000  0x35



*******************************************************************************
*** MODULE SUMMARY
***

    Module                 ro code  ro data  rw data  rw data
                                                       (abs)
    ------                 -------  -------  -------  -------
command line/config:
    ---------------------------------------------------------
    Total:

D:\My_Embedded\Micontroller\Stm32f10x\work_space\Debug\Obj: [1]
    adc.o                       66
    gpio.o                     102
    main_adc.o                 220                49      436
    startup_stm32f103cx.o      448
    systick.o                   16                 4       64
    ---------------------------------------------------------
    Total:                     852                53      500

dl7M_tln.a: [2]
    exit.o                       4
    low_level_init.o             4
    ---------------------------------------------------------
    Total:                       8

m7M_tl.a: [3]
    DblDiv.o                   582
    DblMul.o                   418
    DblToFlt.o                 104
    FltAdd.o                   226
    FltDiv.o                   252
    FltSub.o                   116
    U32ToDbl.o                  26
    ---------------------------------------------------------
    Total:                   1'724

rt7M_tl.a: [4]
    cexit.o                     10
    cmain.o                     30
    cstartup_M.o                12
    data_init.o                 40
    zero_init3.o                58
    ---------------------------------------------------------
    Total:                     150

shb_l.a: [5]
    exit.o                      20
    ---------------------------------------------------------
    Total:                      20

    Gaps                        14
    Linker created                       16    2'048
-------------------------------------------------------------
    Grand Total:             2'768       16    2'101      500


*******************************************************************************
*** ENTRY LIST
***

Entry                       Address  Size  Type      Object
-----                       -------  ----  ----      ------
.iar.init_table$$Base    0x800'0998         --   Gb  - Linker created -
.iar.init_table$$Limit   0x800'09a8         --   Gb  - Linker created -
?main                    0x800'09a9        Code  Gb  cmain.o [4]
ADC1                    0x4001'2400  0x50  Data  Gb  main_adc.o [1]
ADC_Read                 0x800'08e7   0x4  Code  Gb  adc.o [1]
ADC_Start                0x800'08a9  0x2e  Code  Gb  adc.o [1]
ADC_Stop                 0x800'08dd   0xa  Code  Gb  adc.o [1]
CSTACK$$Base            0x2000'0038         --   Gb  - Linker created -
CSTACK$$Limit           0x2000'0838         --   Gb  - Linker created -
DMA1                    0x4002'0000  0x78  Data  Gb  main_adc.o [1]
GPIOA                   0x4001'0800  0x1c  Data  Gb  main_adc.o [1]
GPIOB                   0x4001'0c00  0x1c  Data  Gb  main_adc.o [1]
GPIOC                   0x4001'1000  0x1c  Data  Gb  main_adc.o [1]
GPIO_Mode                0x800'0841  0x66  Code  Gb  gpio.o [1]
NVIC                    0xe000'e100   0xc  Data  Gb  main_adc.o [1]
RCC                     0x4002'1000  0x30  Data  Gb  systick.o [1]
Region$$Table$$Base      0x800'0998         --   Gb  - Linker created -
Region$$Table$$Limit     0x800'09a8         --   Gb  - Linker created -
STK                     0xe000'e010  0x10  Data  Gb  systick.o [1]
SysTick_Handler          0x800'09f1   0xa  Code  Gb  systick.o [1]
Timer1                  0x4001'2c00  0x54  Data  Gb  main_adc.o [1]
UART1                   0x4001'3800  0x1c  Data  Gb  main_adc.o [1]
UART2                   0x4000'4400  0x1c  Data  Gb  main_adc.o [1]
__aeabi_d2f              0x800'0909        Code  Gb  DblToFlt.o [3]
__aeabi_ddiv             0x800'00ed        Code  Gb  DblDiv.o [3]
__aeabi_dmul             0x800'036d        Code  Gb  DblMul.o [3]
__aeabi_fadd             0x800'060d        Code  Gb  FltAdd.o [3]
__aeabi_fdiv             0x800'0511        Code  Gb  FltDiv.o [3]
__aeabi_ui2d             0x800'08ed        Code  Gb  U32ToDbl.o [3]
__cmain                  0x800'09a9        Code  Gb  cmain.o [4]
__exit                   0x800'09dd  0x14  Code  Gb  exit.o [5]
__iar_data_init3         0x800'0971  0x28  Code  Gb  data_init.o [4]
__iar_fadd               0x800'06f1        Code  Gb  FltSub.o [3]
__iar_fsub               0x800'0619        Code  Gb  FltAdd.o [3]
__iar_fsubStart          0x800'0629        Code  Gb  FltAdd.o [3]
__iar_program_start      0x800'0a01        Code  Gb  cstartup_M.o [4]
__iar_zero_init3         0x800'0333  0x3a  Code  Gb  zero_init3.o [4]
__low_level_init         0x800'09c7   0x4  Code  Gb  low_level_init.o [2]
__vector_table           0x800'0000        Data  Gb  startup_stm32f103cx.o [1]
_call_main               0x800'09b5        Code  Gb  cmain.o [4]
_exit                    0x800'09d1        Code  Gb  cexit.o [4]
_main                    0x800'09c3        Code  Gb  cmain.o [4]
adc_value               0x2000'0028   0x4  Data  Gb  main_adc.o [1]
exit                     0x800'09cb   0x4  Code  Gb  exit.o [2]
k                       0x2000'0034   0x1  Data  Gb  main_adc.o [1]
ky_vong                 0x2000'002c   0x4  Data  Gb  main_adc.o [1]
main                     0x800'0765  0xdc  Code  Gb  main_adc.o [1]
nhiet_do                0x2000'0000  0x28  Data  Gb  main_adc.o [1]
sys_current_time        0x2000'0030   0x4  Data  Gb  systick.o [1]


[1] = D:\My_Embedded\Micontroller\Stm32f10x\work_space\Debug\Obj
[2] = dl7M_tln.a
[3] = m7M_tl.a
[4] = rt7M_tl.a
[5] = shb_l.a

  2'768 bytes of readonly  code memory
     16 bytes of readonly  data memory
  2'101 bytes of readwrite data memory (+ 500 absolute)

Errors: none
Warnings: none
