###############################################################################
#
# IAR ELF Linker V8.40.1.212/W32 for ARM                  25/Aug/2024  07:09:41
# Copyright 2007-2019 IAR Systems AB.
#
#    Output file  =
#        D:\My_Embedded\Micontroller\Stm32f10x\work_space\Debug\Exe\BUTTON1.out
#    Map file     =
#        D:\My_Embedded\Micontroller\Stm32f10x\work_space\Debug\List\BUTTON1.map
#    Command line =
#        -f C:\Users\ADMIN\AppData\Local\Temp\EW4528.tmp
#        (D:\My_Embedded\Micontroller\Stm32f10x\work_space\Debug\Obj\Button.o
#        D:\My_Embedded\Micontroller\Stm32f10x\work_space\Debug\Obj\button_1.o
#        D:\My_Embedded\Micontroller\Stm32f10x\work_space\Debug\Obj\gpio.o
#        --no_out_extension -o
#        D:\My_Embedded\Micontroller\Stm32f10x\work_space\Debug\Exe\BUTTON1.out
#        --map
#        D:\My_Embedded\Micontroller\Stm32f10x\work_space\Debug\List\BUTTON1.map
#        --config D:\D\App\IAR\arm\config\linker\ST\stm32f103x8.icf
#        --semihosting --entry __iar_program_start --vfe --text_out locale)
#
###############################################################################

*******************************************************************************
*** RUNTIME MODEL ATTRIBUTES
***

CppFlavor       = *
__SystemLibrary = DLib
__dlib_version  = 6


*******************************************************************************
*** HEAP SELECTION
***

The basic heap was selected because no calls to memory allocation
functions were found in the application outside of system library
functions, and there are calls to deallocation functions in the
application.


*******************************************************************************
*** PLACEMENT SUMMARY
***

"A0":  place at address 0x800'0000 { ro section .intvec };
"P1":  place in [from 0x800'0000 to 0x800'ffff] { ro };
define block CSTACK with size = 2K, alignment = 8 { };
define block HEAP with size = 2K, alignment = 8 { };
"P2":  place in [from 0x2000'0000 to 0x2000'4fff] {
          rw, block CSTACK, block HEAP };

  Section          Kind         Address   Size  Object
  -------          ----         -------   ----  ------
"A0":                                     0x40
  .intvec          ro code   0x800'0000   0x40  vector_table_M.o [3]
                           - 0x800'0040   0x40

"P1":                                    0x274
  .text            ro code   0x800'0040   0xc0  Button.o [1]
  .text            ro code   0x800'0100   0x88  button_1.o [1]
  .text            ro code   0x800'0188   0x66  gpio.o [1]
  .text            ro code   0x800'01ee   0x3a  zero_init3.o [3]
  .text            ro code   0x800'0228   0x28  data_init.o [3]
  .iar.init_table  const     0x800'0250   0x10  - Linker created -
  .text            ro code   0x800'0260   0x1e  cmain.o [3]
  .text            ro code   0x800'027e    0x4  low_level_init.o [2]
  .text            ro code   0x800'0282    0x4  exit.o [2]
  .text            ro code   0x800'0286    0x2  vector_table_M.o [3]
  .text            ro code   0x800'0288    0xa  cexit.o [3]
  .text            ro code   0x800'0294   0x14  exit.o [4]
  .text            ro code   0x800'02a8    0xc  cstartup_M.o [3]
  .rodata          const     0x800'02b4    0x0  zero_init3.o [3]
                           - 0x800'02b4  0x274

"P2", part 1 of 2:                         0x4
  .bss             zero     0x2000'0000    0x1  button_1.o [1]
                          - 0x2000'0001    0x1

"P2", part 2 of 2:                       0x80c
  .noinit          uninit   0x2000'0004    0x8  Button.o [1]
  CSTACK                    0x2000'0010  0x800  <Block>
    CSTACK         uninit   0x2000'0010  0x800  <Block tail>
                          - 0x2000'0810  0x80c

Absolute sections, part 1 of 4:           0x1c
  .noinit          uninit   0x4001'0800   0x1c  gpio.o [1]
                          - 0x4001'081c   0x1c

Absolute sections, part 2 of 4:           0x1c
  .noinit          uninit   0x4001'0c00   0x1c  gpio.o [1]
                          - 0x4001'0c1c   0x1c

Absolute sections, part 3 of 4:           0x1c
  .noinit          uninit   0x4001'1000   0x1c  gpio.o [1]
                          - 0x4001'101c   0x1c

Absolute sections, part 4 of 4:           0x1c
  .noinit          uninit   0x4002'1000   0x1c  gpio.o [1]
                          - 0x4002'101c   0x1c

Unused ranges:

         From           To    Size
         ----           --    ----
   0x800'02b4   0x800'ffff  0xfd4c
  0x2000'0810  0x2000'4fff  0x47f0


*******************************************************************************
*** INIT TABLE
***

          Address      Size
          -------      ----
Zero (__iar_zero_init3)
    1 destination range, total size 0x1:
          0x2000'0000   0x1



*******************************************************************************
*** MODULE SUMMARY
***

    Module            ro code  ro data  rw data  rw data
                                                  (abs)
    ------            -------  -------  -------  -------
command line/config:
    ----------------------------------------------------
    Total:

D:\My_Embedded\Micontroller\Stm32f10x\work_space\Debug\Obj: [1]
    Button.o              192                 8
    button_1.o            136                 1
    gpio.o                102                        112
    ----------------------------------------------------
    Total:                430                 9      112

dl7M_tln.a: [2]
    exit.o                  4
    low_level_init.o        4
    ----------------------------------------------------
    Total:                  8

rt7M_tl.a: [3]
    cexit.o                10
    cmain.o                30
    cstartup_M.o           12
    data_init.o            40
    vector_table_M.o       66
    zero_init3.o           58
    ----------------------------------------------------
    Total:                216

shb_l.a: [4]
    exit.o                 20
    ----------------------------------------------------
    Total:                 20

    Gaps                    2
    Linker created                  16    2'048
--------------------------------------------------------
    Grand Total:          676       16    2'057      112


*******************************************************************************
*** ENTRY LIST
***

Entry                       Address  Size  Type      Object
-----                       -------  ----  ----      ------
.iar.init_table$$Base    0x800'0250         --   Gb  - Linker created -
.iar.init_table$$Limit   0x800'0260         --   Gb  - Linker created -
?main                    0x800'0261        Code  Gb  cmain.o [3]
Button                  0x2000'0004   0x8  Data  Gb  Button.o [1]
Button_Begin             0x800'0041  0x1c  Code  Gb  Button.o [1]
Button_Check             0x800'00b9  0x1c  Code  Gb  Button.o [1]
Button_Press             0x800'00d5  0x22  Code  Gb  Button.o [1]
Button_Process           0x800'005d  0x5c  Code  Gb  Button.o [1]
CSTACK$$Base            0x2000'0010         --   Gb  - Linker created -
CSTACK$$Limit           0x2000'0810         --   Gb  - Linker created -
GPIOA                   0x4001'0800  0x1c  Data  Gb  gpio.o [1]
GPIOB                   0x4001'0c00  0x1c  Data  Gb  gpio.o [1]
GPIOC                   0x4001'1000  0x1c  Data  Gb  gpio.o [1]
GPIO_Mode                0x800'0189  0x66  Code  Gb  gpio.o [1]
RCC                     0x4002'1000  0x1c  Data  Gb  gpio.o [1]
Region$$Table$$Base      0x800'0250         --   Gb  - Linker created -
Region$$Table$$Limit     0x800'0260         --   Gb  - Linker created -
__cmain                  0x800'0261        Code  Gb  cmain.o [3]
__exit                   0x800'0295  0x14  Code  Gb  exit.o [4]
__iar_data_init3         0x800'0229  0x28  Code  Gb  data_init.o [3]
__iar_program_start      0x800'02a9        Code  Gb  cstartup_M.o [3]
__iar_zero_init3         0x800'01ef  0x3a  Code  Gb  zero_init3.o [3]
__low_level_init         0x800'027f   0x4  Code  Gb  low_level_init.o [2]
__vector_table           0x800'0000        Data  Gb  vector_table_M.o [3]
_call_main               0x800'026d        Code  Gb  cmain.o [3]
_exit                    0x800'0289        Code  Gb  cexit.o [3]
_main                    0x800'027b        Code  Gb  cmain.o [3]
exit                     0x800'0283   0x4  Code  Gb  exit.o [2]
main                     0x800'0101  0x88  Code  Gb  button_1.o [1]
xx                      0x2000'0000   0x1  Data  Gb  button_1.o [1]


[1] = D:\My_Embedded\Micontroller\Stm32f10x\work_space\Debug\Obj
[2] = dl7M_tln.a
[3] = rt7M_tl.a
[4] = shb_l.a

    676 bytes of readonly  code memory
     16 bytes of readonly  data memory
  2'057 bytes of readwrite data memory (+ 112 absolute)

Errors: none
Warnings: none
