###############################################################################
#
# IAR ELF Linker V8.40.1.212/W32 for ARM                  29/Oct/2024  11:46:00
# Copyright 2007-2019 IAR Systems AB.
#
#    Output file  =
#        D:\My_Embedded\Micontroller\Stm32f10x\work_space\Debug\Exe\dma_.out
#    Map file     =
#        D:\My_Embedded\Micontroller\Stm32f10x\work_space\Debug\List\dma_.map
#    Command line =
#        -f C:\Users\ADMIN\AppData\Local\Temp\EW7FAF.tmp
#        (D:\My_Embedded\Micontroller\Stm32f10x\work_space\Debug\Obj\dma_main.o
#        --no_out_extension -o
#        D:\My_Embedded\Micontroller\Stm32f10x\work_space\Debug\Exe\dma_.out
#        --map
#        D:\My_Embedded\Micontroller\Stm32f10x\work_space\Debug\List\dma_.map
#        --config D:\D\App\IAR\arm\config\linker\ST\stm32f103x8.icf
#        --semihosting --entry __iar_program_start --vfe --text_out locale)
#
###############################################################################

*******************************************************************************
*** RUNTIME MODEL ATTRIBUTES
***

CppFlavor       = *
__SystemLibrary = DLib
__dlib_version  = 6


*******************************************************************************
*** HEAP SELECTION
***

The basic heap was selected because no calls to memory allocation
functions were found in the application outside of system library
functions, and there are calls to deallocation functions in the
application.


*******************************************************************************
*** PLACEMENT SUMMARY
***

"A0":  place at address 0x800'0000 { ro section .intvec };
"P1":  place in [from 0x800'0000 to 0x800'ffff] { ro };
define block CSTACK with size = 2K, alignment = 8 { };
define block HEAP with size = 2K, alignment = 8 { };
"P2":  place in [from 0x2000'0000 to 0x2000'4fff] {
          rw, block CSTACK, block HEAP };
initialize by copy { rw };

  Section            Kind         Address   Size  Object
  -------            ----         -------   ----  ------
"A0":                                       0x40
  .intvec            ro code   0x800'0000   0x40  vector_table_M.o [3]
                             - 0x800'0040   0x40

"P1":                                      0x108
  .text              ro code   0x800'0040   0x30  dma_main.o [1]
  .text              ro code   0x800'0070   0x2e  copy_init3.o [3]
  .text              ro code   0x800'009e    0x2  vector_table_M.o [3]
  .text              ro code   0x800'00a0   0x28  data_init.o [3]
  .iar.init_table    const     0x800'00c8   0x14  - Linker created -
  .text              ro code   0x800'00dc   0x1e  cmain.o [3]
  .text              ro code   0x800'00fa    0x4  low_level_init.o [2]
  .text              ro code   0x800'00fe    0x4  exit.o [2]
  .text              ro code   0x800'0104    0xa  cexit.o [3]
  .text              ro code   0x800'0110   0x14  exit.o [4]
  Initializer bytes  const     0x800'0124   0x18  <for P2-1>
  .text              ro code   0x800'013c    0xc  cstartup_M.o [3]
  .rodata            const     0x800'0148    0x0  copy_init3.o [3]
                             - 0x800'0148  0x108

"P2", part 1 of 2:                          0x18
  P2-1                        0x2000'0000   0x18  <Init block>
    .data            inited   0x2000'0000    0xc  dma_main.o [1]
    .bss             inited   0x2000'000c    0xc  dma_main.o [1]
                            - 0x2000'0018   0x18

"P2", part 2 of 2:                         0x800
  CSTACK                      0x2000'0018  0x800  <Block>
    CSTACK           uninit   0x2000'0018  0x800  <Block tail>
                            - 0x2000'0818  0x800

Absolute sections, part 1 of 2:             0x78
  .noinit            uninit   0x4002'0000   0x78  dma_main.o [1]
                            - 0x4002'0078   0x78

Absolute sections, part 2 of 2:             0x30
  .noinit            uninit   0x4002'1000   0x30  dma_main.o [1]
                            - 0x4002'1030   0x30

Unused ranges:

         From           To    Size
         ----           --    ----
   0x800'0148   0x800'ffff  0xfeb8
  0x2000'0818  0x2000'4fff  0x47e8


*******************************************************************************
*** INIT TABLE
***

          Address      Size
          -------      ----
Copy (__iar_copy_init3)
    1 source range, total size 0x18:
           0x800'0124  0x18
    1 destination range, total size 0x18:
          0x2000'0000  0x18



*******************************************************************************
*** MODULE SUMMARY
***

    Module            ro code  ro data  rw data  rw data
                                                  (abs)
    ------            -------  -------  -------  -------
command line/config:
    ----------------------------------------------------
    Total:

D:\My_Embedded\Micontroller\Stm32f10x\work_space\Debug\Obj: [1]
    dma_main.o             48       24       24      168
    ----------------------------------------------------
    Total:                 48       24       24      168

dl7M_tln.a: [2]
    exit.o                  4
    low_level_init.o        4
    ----------------------------------------------------
    Total:                  8

rt7M_tl.a: [3]
    cexit.o                10
    cmain.o                30
    copy_init3.o           46
    cstartup_M.o           12
    data_init.o            40
    vector_table_M.o       66
    ----------------------------------------------------
    Total:                204

shb_l.a: [4]
    exit.o                 20
    ----------------------------------------------------
    Total:                 20

    Gaps                    4
    Linker created                  20    2'048
--------------------------------------------------------
    Grand Total:          284       44    2'072      168


*******************************************************************************
*** ENTRY LIST
***

Entry                       Address  Size  Type      Object
-----                       -------  ----  ----      ------
.iar.init_table$$Base    0x800'00c8         --   Gb  - Linker created -
.iar.init_table$$Limit   0x800'00dc         --   Gb  - Linker created -
?main                    0x800'00dd        Code  Gb  cmain.o [3]
CSTACK$$Base            0x2000'0018         --   Gb  - Linker created -
CSTACK$$Limit           0x2000'0818         --   Gb  - Linker created -
DMA1                    0x4002'0000  0x78  Data  Gb  dma_main.o [1]
RCC                     0x4002'1000  0x30  Data  Gb  dma_main.o [1]
Region$$Table$$Base      0x800'00c8         --   Gb  - Linker created -
Region$$Table$$Limit     0x800'00dc         --   Gb  - Linker created -
__cmain                  0x800'00dd        Code  Gb  cmain.o [3]
__exit                   0x800'0111  0x14  Code  Gb  exit.o [4]
__iar_copy_init3         0x800'0071  0x2e  Code  Gb  copy_init3.o [3]
__iar_data_init3         0x800'00a1  0x28  Code  Gb  data_init.o [3]
__iar_program_start      0x800'013d        Code  Gb  cstartup_M.o [3]
__low_level_init         0x800'00fb   0x4  Code  Gb  low_level_init.o [2]
__vector_table           0x800'0000        Data  Gb  vector_table_M.o [3]
_call_main               0x800'00e9        Code  Gb  cmain.o [3]
_exit                    0x800'0105        Code  Gb  cexit.o [3]
_main                    0x800'00f7        Code  Gb  cmain.o [3]
data1                   0x2000'0000   0xc  Data  Gb  dma_main.o [1]
data2                   0x2000'000c   0xc  Data  Gb  dma_main.o [1]
exit                     0x800'00ff   0x4  Code  Gb  exit.o [2]
main                     0x800'0041  0x30  Code  Gb  dma_main.o [1]


[1] = D:\My_Embedded\Micontroller\Stm32f10x\work_space\Debug\Obj
[2] = dl7M_tln.a
[3] = rt7M_tl.a
[4] = shb_l.a

    284 bytes of readonly  code memory
     44 bytes of readonly  data memory
  2'072 bytes of readwrite data memory (+ 168 absolute)

Errors: none
Warnings: none
