###############################################################################
#
# IAR ELF Linker V8.40.1.212/W32 for ARM                  25/Jul/2024  22:21:50
# Copyright 2007-2019 IAR Systems AB.
#
#    Output file  =
#        D:\My_Embedded\Micontroller\Stm32f10x\work_space\Debug\Exe\led_7_Seg_button.out
#    Map file     =
#        D:\My_Embedded\Micontroller\Stm32f10x\work_space\Debug\List\led_7_Seg_button.map
#    Command line =
#        -f C:\Users\ADMIN\AppData\Local\Temp\EWFAD7.tmp
#        (D:\My_Embedded\Micontroller\Stm32f10x\work_space\Debug\Obj\gpio.o
#        D:\My_Embedded\Micontroller\Stm32f10x\work_space\Debug\Obj\led_7_seg_button.o
#        --no_out_extension -o
#        D:\My_Embedded\Micontroller\Stm32f10x\work_space\Debug\Exe\led_7_Seg_button.out
#        --map
#        D:\My_Embedded\Micontroller\Stm32f10x\work_space\Debug\List\led_7_Seg_button.map
#        --config D:\D\App\IAR\arm\config\linker\ST\stm32f103x8.icf
#        --semihosting --entry __iar_program_start --vfe --text_out locale)
#
###############################################################################

*******************************************************************************
*** RUNTIME MODEL ATTRIBUTES
***

CppFlavor       = *
__SystemLibrary = DLib
__dlib_version  = 6


*******************************************************************************
*** HEAP SELECTION
***

The basic heap was selected because no calls to memory allocation
functions were found in the application outside of system library
functions, and there are calls to deallocation functions in the
application.


*******************************************************************************
*** PLACEMENT SUMMARY
***

"A0":  place at address 0x800'0000 { ro section .intvec };
"P1":  place in [from 0x800'0000 to 0x800'ffff] { ro };
define block CSTACK with size = 2K, alignment = 8 { };
define block HEAP with size = 2K, alignment = 8 { };
"P2":  place in [from 0x2000'0000 to 0x2000'4fff] {
          rw, block CSTACK, block HEAP };
initialize by copy { rw };

  Section            Kind         Address   Size  Object
  -------            ----         -------   ----  ------
"A0":                                       0x40
  .intvec            ro code   0x800'0000   0x40  vector_table_M.o [3]
                             - 0x800'0040   0x40

"P1":                                      0x28c
  .text              ro code   0x800'0040  0x13c  led_7_seg_button.o [1]
  .text              ro code   0x800'017c   0x66  gpio.o [1]
  .text              ro code   0x800'01e2   0x2e  copy_init3.o [3]
  Initializer bytes  const     0x800'0210   0x2c  <for P2-1>
  .text              ro code   0x800'023c   0x28  data_init.o [3]
  .iar.init_table    const     0x800'0264   0x14  - Linker created -
  .text              ro code   0x800'0278   0x1e  cmain.o [3]
  .text              ro code   0x800'0296    0x4  low_level_init.o [2]
  .text              ro code   0x800'029a    0x4  exit.o [2]
  .text              ro code   0x800'029e    0x2  vector_table_M.o [3]
  .text              ro code   0x800'02a0    0xa  cexit.o [3]
  .text              ro code   0x800'02ac   0x14  exit.o [4]
  .text              ro code   0x800'02c0    0xc  cstartup_M.o [3]
  .rodata            const     0x800'02cc    0x0  copy_init3.o [3]
                             - 0x800'02cc  0x28c

"P2", part 1 of 2:                          0x2c
  P2-1                        0x2000'0000   0x2c  <Init block>
    .data            inited   0x2000'0000   0x28  led_7_seg_button.o [1]
    .bss             inited   0x2000'0028    0x4  led_7_seg_button.o [1]
                            - 0x2000'002c   0x2c

"P2", part 2 of 2:                         0x800
  CSTACK                      0x2000'0030  0x800  <Block>
    CSTACK           uninit   0x2000'0030  0x800  <Block tail>
                            - 0x2000'0830  0x800

Absolute sections, part 1 of 4:             0x1c
  .noinit            uninit   0x4001'0800   0x1c  led_7_seg_button.o [1]
                            - 0x4001'081c   0x1c

Absolute sections, part 2 of 4:             0x1c
  .noinit            uninit   0x4001'0c00   0x1c  led_7_seg_button.o [1]
                            - 0x4001'0c1c   0x1c

Absolute sections, part 3 of 4:             0x1c
  .noinit            uninit   0x4001'1000   0x1c  led_7_seg_button.o [1]
                            - 0x4001'101c   0x1c

Absolute sections, part 4 of 4:             0x1c
  .noinit            uninit   0x4002'1000   0x1c  led_7_seg_button.o [1]
                            - 0x4002'101c   0x1c

Unused ranges:

         From           To    Size
         ----           --    ----
   0x800'02cc   0x800'ffff  0xfd34
  0x2000'002c  0x2000'002f     0x4
  0x2000'0830  0x2000'4fff  0x47d0


*******************************************************************************
*** INIT TABLE
***

          Address      Size
          -------      ----
Copy (__iar_copy_init3)
    1 source range, total size 0x2c:
           0x800'0210  0x2c
    1 destination range, total size 0x2c:
          0x2000'0000  0x2c



*******************************************************************************
*** MODULE SUMMARY
***

    Module              ro code  ro data  rw data  rw data
                                                    (abs)
    ------              -------  -------  -------  -------
command line/config:
    ------------------------------------------------------
    Total:

D:\My_Embedded\Micontroller\Stm32f10x\work_space\Debug\Obj: [1]
    gpio.o                  102
    led_7_seg_button.o      316       44       44      112
    ------------------------------------------------------
    Total:                  418       44       44      112

dl7M_tln.a: [2]
    exit.o                    4
    low_level_init.o          4
    ------------------------------------------------------
    Total:                    8

rt7M_tl.a: [3]
    cexit.o                  10
    cmain.o                  30
    copy_init3.o             46
    cstartup_M.o             12
    data_init.o              40
    vector_table_M.o         66
    ------------------------------------------------------
    Total:                  204

shb_l.a: [4]
    exit.o                   20
    ------------------------------------------------------
    Total:                   20

    Gaps                      2
    Linker created                    20    2'048
----------------------------------------------------------
    Grand Total:            652       64    2'092      112


*******************************************************************************
*** ENTRY LIST
***

Entry                       Address   Size  Type      Object
-----                       -------   ----  ----      ------
.iar.init_table$$Base    0x800'0264          --   Gb  - Linker created -
.iar.init_table$$Limit   0x800'0278          --   Gb  - Linker created -
?main                    0x800'0279         Code  Gb  cmain.o [3]
CSTACK$$Base            0x2000'0030          --   Gb  - Linker created -
CSTACK$$Limit           0x2000'0830          --   Gb  - Linker created -
GPIOA                   0x4001'0800   0x1c  Data  Gb  led_7_seg_button.o [1]
GPIOB                   0x4001'0c00   0x1c  Data  Gb  led_7_seg_button.o [1]
GPIOC                   0x4001'1000   0x1c  Data  Gb  led_7_seg_button.o [1]
GPIO_Mode                0x800'017d   0x66  Code  Gb  gpio.o [1]
RCC                     0x4002'1000   0x1c  Data  Gb  led_7_seg_button.o [1]
Region$$Table$$Base      0x800'0264          --   Gb  - Linker created -
Region$$Table$$Limit     0x800'0278          --   Gb  - Linker created -
__cmain                  0x800'0279         Code  Gb  cmain.o [3]
__exit                   0x800'02ad   0x14  Code  Gb  exit.o [4]
__iar_copy_init3         0x800'01e3   0x2e  Code  Gb  copy_init3.o [3]
__iar_data_init3         0x800'023d   0x28  Code  Gb  data_init.o [3]
__iar_program_start      0x800'02c1         Code  Gb  cstartup_M.o [3]
__low_level_init         0x800'0297    0x4  Code  Gb  low_level_init.o [2]
__vector_table           0x800'0000         Data  Gb  vector_table_M.o [3]
_call_main               0x800'0285         Code  Gb  cmain.o [3]
_exit                    0x800'02a1         Code  Gb  cexit.o [3]
_main                    0x800'0293         Code  Gb  cmain.o [3]
dem                     0x2000'0028    0x4  Data  Gb  led_7_seg_button.o [1]
exit                     0x800'029b    0x4  Code  Gb  exit.o [2]
ma_led                  0x2000'0000   0x28  Data  Gb  led_7_seg_button.o [1]
main                     0x800'0041  0x13c  Code  Gb  led_7_seg_button.o [1]


[1] = D:\My_Embedded\Micontroller\Stm32f10x\work_space\Debug\Obj
[2] = dl7M_tln.a
[3] = rt7M_tl.a
[4] = shb_l.a

    652 bytes of readonly  code memory
     64 bytes of readonly  data memory
  2'092 bytes of readwrite data memory (+ 112 absolute)

Errors: none
Warnings: none
